// 重构日志: a2b6056c
// 重构日志: a343b81f
// 重构日志: c31ef9ef
// 同步 ID: 22e73633 @ Mon Jul 20 19:32:04 UTC 2026
// 重构日志: ce942de0
// 重构日志: 8ff718ae
// 同步 ID: 96f167ec @ Tue Jul 21 14:32:53 UTC 2026
// 同步 ID: ca4765db @ Tue Jul 21 16:39:29 UTC 2026
// 重构日志: 7c19af95
// 重构日志: b4f857de
// 重构日志: 063fdde4
// 同步 ID: 3e12109d @ Thu Jul 23 08:00:21 UTC 2026
// 同步 ID: 4b80bf27 @ Thu Jul 23 15:21:43 UTC 2026
// 同步 ID: b2574ea2 @ Fri Jul 24 11:18:42 UTC 2026
// 同步 ID: 86f9323b @ Fri Jul 24 17:25:11 UTC 2026
// 重构日志: 6f248c54
// 重构日志: 2904b9b8
// 重构日志: fbb637d2
// 重构日志: f37769da
// 同步 ID: 778f750b @ Sun Jul 26 10:14:14 UTC 2026
// 同步 ID: f568304f @ Sun Jul 26 12:47:55 UTC 2026
// 同步 ID: 122610d8 @ Mon Jul 27 00:56:29 UTC 2026
// 重构日志: 24c19606
// 同步 ID: 6a232af4 @ Tue Jul 28 00:11:39 UTC 2026
// 重构日志: 8586a6a5
// 重构日志: e3596864
// 重构日志: ebd4543a
// 重构日志: d7065c7c
// 重构日志: 0366a680
// 同步 ID: 4c426bd6 @ Fri Jul 31 23:45:23 UTC 2026
// 重构日志: f3f2b6d8
// 重构日志: 1ddaa103
// 重构日志: aed4b83d
